device/lib/drivers/uart/uart.c:153:44:handler_irq_uart	32	static
device/lib/drivers/rv_plic/rv_plic.c:426:45:handler_irq_dummy	32	static
device/lib/drivers/gpio/gpio.c:568:45:gpio_handler_irq_dummy	32	static
device/lib/drivers/i2c/i2c.c:629:44:handler_irq_i2c	32	static
device/lib/drivers/dma/dma.c:264:6:handler_irq_dma	48	static
device/lib/drivers/dma/dma.c:307:6:fic_irq_dma	32	static
device/lib/drivers/dma/dma.c:1132:42:dma_is_ready	48	static
device/lib/drivers/dma/dma.c:1165:44:dma_intr_handler_trans_done	32	static
device/lib/drivers/dma/dma.c:1176:44:dma_intr_handler_window_done	32	static
device/lib/drivers/dma/dma.c:1187:47:dma_window_ratio_warning_threshold	16	static
device/lib/drivers/fast_intr_ctrl/fast_intr_ctrl.c:237:44:fic_irq_timer_1	16	static
device/lib/drivers/fast_intr_ctrl/fast_intr_ctrl.c:242:44:fic_irq_timer_2	16	static
device/lib/drivers/fast_intr_ctrl/fast_intr_ctrl.c:247:44:fic_irq_timer_3	16	static
device/lib/drivers/fast_intr_ctrl/fast_intr_ctrl.c:267:44:fic_irq_gpio_0	16	static
device/lib/drivers/fast_intr_ctrl/fast_intr_ctrl.c:272:44:fic_irq_gpio_1	16	static
device/lib/drivers/fast_intr_ctrl/fast_intr_ctrl.c:277:44:fic_irq_gpio_2	16	static
device/lib/drivers/fast_intr_ctrl/fast_intr_ctrl.c:282:44:fic_irq_gpio_3	16	static
device/lib/drivers/fast_intr_ctrl/fast_intr_ctrl.c:287:44:fic_irq_gpio_4	16	static
device/lib/drivers/fast_intr_ctrl/fast_intr_ctrl.c:292:44:fic_irq_gpio_5	16	static
device/lib/drivers/fast_intr_ctrl/fast_intr_ctrl.c:297:44:fic_irq_gpio_6	16	static
device/lib/drivers/fast_intr_ctrl/fast_intr_ctrl.c:302:44:fic_irq_gpio_7	16	static
device/lib/drivers/spi_host/spi_host.c:422:44:spi_intr_handler_event_flash	32	static
device/lib/drivers/spi_host/spi_host.c:426:44:spi_intr_handler_error_flash	32	static
device/lib/drivers/spi_host/spi_host.c:430:44:spi_intr_handler_event_host	32	static
device/lib/drivers/spi_host/spi_host.c:434:44:spi_intr_handler_error_host	32	static
device/lib/drivers/spi_host/spi_host.c:438:44:spi_intr_handler_event_host2	32	static
device/lib/drivers/spi_host/spi_host.c:442:44:spi_intr_handler_error_host2	32	static
applications/original/common/src/fips202.c:73:13:KeccakF1600_StatePermute	400	static
device/lib/drivers/spi_host/spi_host.c:452:20:spi_get_events.isra	16	static
device/lib/runtime/handler.c:28:13:print_exc_msg	16	static
applications/original/KECCAK/SHA3-384/main.c:13:5:main	672	static
device/lib/runtime/init.c:9:5:init	0	static
device/lib/runtime/syscalls.c:98:5:_close	0	static
/software/x-heep/riscv-centos/riscv32-unknown-elf/include/sys/unistd.h:18:6:_exit	0	static
device/lib/runtime/syscalls.c:131:5:_fstat	0	static
device/lib/runtime/syscalls.c:168:5:_isatty	0	static
device/lib/runtime/syscalls.c:185:7:_lseek	0	static
device/lib/runtime/syscalls.c:207:9:_read	0	static
/software/x-heep/riscv-centos/riscv32-unknown-elf/include/reent.h:158:17:_write_r	16	static
device/lib/runtime/syscalls.c:291:7:_sbrk	0	static
device/lib/runtime/syscalls.c:312:6:abort	16	static
device/lib/runtime/handler.c:36:28:handler_exception	128	static
device/lib/runtime/handler.c:71:28:handler_irq_software	64	static
device/lib/runtime/handler.c:77:28:handler_irq_timer	64	static
device/lib/drivers/rv_plic/rv_plic.c:141:6:handler_irq_external	80	static
device/lib/drivers/spi_host/spi_host.c:381:6:fic_irq_spi	32	static
device/lib/drivers/fast_intr_ctrl/fast_intr_ctrl.c:345:6:handler_irq_fast_spi	80	static
device/lib/drivers/spi_host/spi_host.c:402:6:fic_irq_spi_flash	32	static
device/lib/drivers/fast_intr_ctrl/fast_intr_ctrl.c:353:6:handler_irq_fast_spi_flash	80	static
device/lib/drivers/fast_intr_ctrl/fast_intr_ctrl.c:313:6:handler_irq_fast_timer_1	64	static
device/lib/drivers/fast_intr_ctrl/fast_intr_ctrl.c:321:6:handler_irq_fast_timer_2	64	static
device/lib/drivers/fast_intr_ctrl/fast_intr_ctrl.c:329:6:handler_irq_fast_timer_3	64	static
device/lib/drivers/fast_intr_ctrl/fast_intr_ctrl.c:361:6:handler_irq_fast_gpio_0	64	static
device/lib/drivers/fast_intr_ctrl/fast_intr_ctrl.c:369:6:handler_irq_fast_gpio_1	64	static
device/lib/drivers/fast_intr_ctrl/fast_intr_ctrl.c:377:6:handler_irq_fast_gpio_2	64	static
device/lib/drivers/fast_intr_ctrl/fast_intr_ctrl.c:385:6:handler_irq_fast_gpio_3	64	static
device/lib/drivers/fast_intr_ctrl/fast_intr_ctrl.c:393:6:handler_irq_fast_gpio_4	64	static
device/lib/drivers/fast_intr_ctrl/fast_intr_ctrl.c:401:6:handler_irq_fast_gpio_5	64	static
device/lib/drivers/fast_intr_ctrl/fast_intr_ctrl.c:409:6:handler_irq_fast_gpio_6	64	static
device/lib/drivers/fast_intr_ctrl/fast_intr_ctrl.c:417:6:handler_irq_fast_gpio_7	64	static
device/lib/drivers/fast_intr_ctrl/fast_intr_ctrl.c:337:6:handler_irq_fast_dma	64	static
